start=30, end=60, phi=0.5, count=10, approx=6, lower=4, upper=10
