start=50, end=6000, phi=0.5, count=42, approx=10, lower=9, upper=20
