start=50, end=70, approx=10, lower=9, upper=20
start=4000, end=6000, approx=10, lower=9, upper=20
