Server address: 127.0.0.1:8000
m1
m2
m3
m4
m5
m6
m7
